// Jest Snapshot v1, https://goo.gl/fbAQLP

exports[`Domain component renders correctly 1`] = `ShallowWrapper {}`;
